// Vitest Snapshot v1, https://vitest.dev/guide/snapshot.html

exports[` 1`] = `
"
  
  
  
        import { Box } from '@kuma-ui/core'

        const App = () => {
            return <Box color='red'>hello world</Box>
        }
        
  "
`;
